
> ems-pro@0.1.0 build
> next build

Γû▓ Next.js 16.1.6 (Turbopack)

  Creating an optimized production build ...
Γ£ô Compiled successfully in 6.6s
  Running TypeScript ...
node.exe : Failed to 
compile.
At line:1 char:1
+ & "C:\Program Files
\nodejs/node.exe" 
"C:\Program 
Files\nodejs/node_mo 
...
+ ~~~~~~~~~~~~~~~~~~~
~~~~~~~~~~~~~~~~~~~~~
~~~~~~~~~~~~~~~~~~~~~
~~~~~~~~
    + CategoryInfo   
           : NotSpe  
  cified: (Failed    
 to compile.:Stri    
ng) [], RemoteEx    
ception
    + FullyQualified 
   ErrorId : Native  
  CommandError
 

./app/employees/page.
tsx:152:17
Type error: Type '{ 
columns: ColumnDef<Em
ployee>[]; data: 
Employee[]; 
searchKey: string; 
filterFields: { id: 
string; label: 
string; options: 
string[]; }[]; 
actions: Element; }' 
is not assignable to 
type 
'IntrinsicAttributes 
& DataTableProps<Empl
oyee, unknown>'.
  Property 'actions' 
does not exist on 
type 
'IntrinsicAttributes 
& DataTableProps<Empl
oyee, unknown>'.

[0m [90m 150 
|[39m               
      { 
id[33m:[39m [32m"s
tatus"[39m[33m,[39
m label[33m:[39m [
32m"Status"[39m[33m
,[39m 
options[33m:[39m [
[32m"Active"[39m[33
m,[39m [32m"On 
Leave"[39m] }
 [90m 151 |[39m    
             ]}
[31m[1m>[22m[39m
[90m 152 |[39m      
           
actions[33m=[39m{
 [90m     |[39m    
             
[31m[1m^[22m[39m
 [90m 153 |[39m    
                 [33
m<[39m[33m>[39m
 [90m 154 |[39m    
                     
[33m<[39m[33mbutto
n[39m
 [90m 155 |[39m    
                     
    onClick[33m=[39
m{handleExportCSV}[0
m
Next.js build worker 
exited with code: 1 
and signal: null
