Γû▓ Next.js 16.1.6 (Turbopack)
- Environments: .env

node.exe : ΓÜá The 
"middleware" file 
convention is 
deprecated. Please use 
"proxy" instead. Learn 
more: https://nextjs.or
g/docs/messages/middlew
are-to-proxy
At line:1 char:1
+ & "C:\Program 
Files\nodejs/node.exe" 
"C:\Program 
Files\nodejs/node_mo 
...
+ ~~~~~~~~~~~~~~~~~~~~~
~~~~~~~~~~~~~~~~~~~~~~~
~~~~~~~~~~~~~~~~~~~~~~~
~~
    + CategoryInfo     
         : NotSpecifi  
  ed: (ΓÜá The "midd   
 le...leware-to-pro    
xy:String) [], Rem    
oteException
    + FullyQualifiedEr 
   rorId : NativeComm  
  andError
 
  Creating an optimized production build ...

> Build error occurred
Error: Turbopack build 
failed with 2 errors:
./app/api/attendance/po
licy/route.ts:5:1
Module not found: 
Can't resolve 
'@/lib/api-errors'
[0m [90m 3 |[39m 
[36mimport[39m { 
auth } [36mfrom[39m 
[32m"@/lib/auth"[39m
 [90m 4 |[39m 
[36mimport[39m { 
apiSuccess[33m,[39m 
apiError } 
[36mfrom[39m [32m"@/
lib/api-helpers"[39m
[31m[1m>[22m[39m[9
0m 5 |[39m 
[36mimport[39m { 
[33mApiErrorCode[39m 
} [36mfrom[39m [32m"
@/lib/api-errors"[39m
 [90m   |[39m [31m[
1m^[22m[39m[31m[1m^
[22m[39m[31m[1m^[2
2m[39m[31m[1m^[22m
[39m[31m[1m^[22m[39
m[31m[1m^[22m[39m[
31m[1m^[22m[39m[31m
[1m^[22m[39m[31m[1
m^[22m[39m[31m[1m^
[22m[39m[31m[1m^[22
m[39m[31m[1m^[22m[
39m[31m[1m^[22m[39m
[31m[1m^[22m[39m[3
1m[1m^[22m[39m[31m
[1m^[22m[39m[31m[1m
^[22m[39m[31m[1m^[
22m[39m[31m[1m^[22m
[39m[31m[1m^[22m[3
9m[31m[1m^[22m[39m
[31m[1m^[22m[39m[31
m[1m^[22m[39m[31m[
1m^[22m[39m[31m[1m^
[22m[39m[31m[1m^[2
2m[39m[31m[1m^[22m
[39m[31m[1m^[22m[39
m[31m[1m^[22m[39m[
31m[1m^[22m[39m[31m
[1m^[22m[39m[31m[1
m^[22m[39m[31m[1m^
[22m[39m[31m[1m^[22
m[39m[31m[1m^[22m[
39m[31m[1m^[22m[39m
[31m[1m^[22m[39m[3
1m[1m^[22m[39m[31m
[1m^[22m[39m[31m[1m
^[22m[39m[31m[1m^[
22m[39m[31m[1m^[22m
[39m[31m[1m^[22m[3
9m[31m[1m^[22m[39m
[31m[1m^[22m[39m[31
m[1m^[22m[39m[31m[
1m^[22m[39m
 [90m 6 |[39m 
[36mimport[39m { 
attendancePolicySchema 
} [36mfrom[39m [32m"
@/lib/schemas/attendanc
e"[39m
 [90m 7 |[39m
 [90m 8 |[39m 
[36mexport[39m 
[36masync[39m 
[36mfunction[39m [33
mGET[39m(req[33m:[39
m 
[33mNextRequest[39m) 
{[0m

Import map: aliased to 
relative 
'./lib/api-errors' 
inside of [project]/


https://nextjs.org/docs
/messages/module-not-fo
und


./app/api/attendance/po
licy/route.ts:4:1
Module not found: 
Can't resolve 
'@/lib/api-helpers'
[0m [90m 2 |[39m 
[36mimport[39m { 
prisma } 
[36mfrom[39m [32m"@/
lib/prisma"[39m
 [90m 3 |[39m 
[36mimport[39m { 
auth } [36mfrom[39m 
[32m"@/lib/auth"[39m
[31m[1m>[22m[39m[9
0m 4 |[39m 
[36mimport[39m { 
apiSuccess[33m,[39m 
apiError } 
[36mfrom[39m [32m"@/
lib/api-helpers"[39m
 [90m   |[39m [31m[
1m^[22m[39m[31m[1m^
[22m[39m[31m[1m^[2
2m[39m[31m[1m^[22m
[39m[31m[1m^[22m[39
m[31m[1m^[22m[39m[
31m[1m^[22m[39m[31m
[1m^[22m[39m[31m[1
m^[22m[39m[31m[1m^
[22m[39m[31m[1m^[22
m[39m[31m[1m^[22m[
39m[31m[1m^[22m[39m
[31m[1m^[22m[39m[3
1m[1m^[22m[39m[31m
[1m^[22m[39m[31m[1m
^[22m[39m[31m[1m^[
22m[39m[31m[1m^[22m
[39m[31m[1m^[22m[3
9m[31m[1m^[22m[39m
[31m[1m^[22m[39m[31
m[1m^[22m[39m[31m[
1m^[22m[39m[31m[1m^
[22m[39m[31m[1m^[2
2m[39m[31m[1m^[22m
[39m[31m[1m^[22m[39
m[31m[1m^[22m[39m[
31m[1m^[22m[39m[31m
[1m^[22m[39m[31m[1
m^[22m[39m[31m[1m^
[22m[39m[31m[1m^[22
m[39m[31m[1m^[22m[
39m[31m[1m^[22m[39m
[31m[1m^[22m[39m[3
1m[1m^[22m[39m[31m
[1m^[22m[39m[31m[1m
^[22m[39m[31m[1m^[
22m[39m[31m[1m^[22m
[39m[31m[1m^[22m[3
9m[31m[1m^[22m[39m
[31m[1m^[22m[39m[31
m[1m^[22m[39m[31m[
1m^[22m[39m[31m[1m^
[22m[39m[31m[1m^[2
2m[39m[31m[1m^[22m
[39m[31m[1m^[22m[39
m[31m[1m^[22m[39m[
31m[1m^[22m[39m[31m
[1m^[22m[39m[31m[1
m^[22m[39m[31m[1m^
[22m[39m
 [90m 5 |[39m 
[36mimport[39m { 
[33mApiErrorCode[39m 
} [36mfrom[39m [32m"
@/lib/api-errors"[39m
 [90m 6 |[39m 
[36mimport[39m { 
attendancePolicySchema 
} [36mfrom[39m [32m"
@/lib/schemas/attendanc
e"[39m
 [90m 7 |[39m[0m

Import map: aliased to 
relative 
'./lib/api-helpers' 
inside of [project]/


https://nextjs.org/docs
/messages/module-not-fo
und


    at <unknown> (./app
/api/attendance/policy/
route.ts:5:1)
    at <unknown> (https
://nextjs.org/docs/mess
ages/module-not-found)
    at <unknown> (./app
/api/attendance/policy/
route.ts:4:1)
    at <unknown> (https
://nextjs.org/docs/mess
ages/module-not-found)
